Device Boot Report

InTouch log file: device5_intouch.log
-------------------------------------
Startup on line: 4 | Status - Failure
Startup on line: 175 | Status - Failure
Startup on line: 388 | Status - Failure
Startup on line: 418 | Status - Failure
Startup on line: 449 | Status - Failure
Startup on line: 684 | Status - Failure
Startup on line: 715 | Status - Failure
Startup on line: 746 | Status - Failure
Startup on line: 976 | Status - Failure
Startup on line: 1006 | Status - Failure
Startup on line: 1036 | Status - Failure
Startup on line: 1272 | Status - Failure
Startup on line: 1302 | Status - Failure
Startup on line: 1333 | Status - Failure
Startup on line: 1567 | Status - Failure
Startup on line: 1806 | Status - Failure
Startup on line: 1836 | Status - Failure
Startup on line: 1867 | Status - Failure
Startup on line: 2103 | Status - Failure
Startup on line: 2135 | Status - Failure
Startup on line: 2166 | Status - Failure
Startup on line: 2401 | Status - Failure
Startup on line: 2431 | Status - Failure
Startup on line: 2462 | Status - Failure
Startup on line: 2697 | Status - Failure
Startup on line: 2931 | Status - Failure
Startup on line: 2961 | Status - Failure
Startup on line: 2991 | Status - Failure
Startup on line: 3225 | Status - Failure
Startup on line: 3255 | Status - Failure
Startup on line: 3286 | Status - Failure
Startup on line: 3572 | Status - Failure
Startup on line: 3602 | Status - Failure
Startup on line: 3632 | Status - Failure
Startup on line: 3866 | Status - Failure
Startup on line: 3896 | Status - Failure
Startup on line: 3926 | Status - Failure
Startup on line: 4161 | Status - Failure
Startup on line: 4395 | Status - Failure
Startup on line: 4425 | Status - Failure
Startup on line: 4456 | Status - Failure
Startup on line: 4690 | Status - Failure
Startup on line: 4720 | Status - Failure
Startup on line: 4751 | Status - Failure
Startup on line: 4985 | Status - Failure
Startup on line: 5015 | Status - Failure
Startup on line: 5046 | Status - Failure
Startup on line: 5281 | Status - Failure
Startup on line: 5311 | Status - Failure
Startup on line: 5341 | Status - Failure
Startup on line: 5576 | Status - Failure
Startup on line: 5607 | Status - Failure
Startup on line: 5637 | Status - Failure
Startup on line: 5872 | Status - Failure
Startup on line: 5902 | Status - Failure
Startup on line: 6132 | Status - Failure
Startup on line: 6162 | Status - Failure
Startup on line: 6192 | Status - Failure
Startup on line: 6429 | Status - Failure
Startup on line: 6459 | Status - Failure
Startup on line: 6490 | Status - Failure
Startup on line: 6725 | Status - Failure
Startup on line: 6962 | Status - Failure
Startup on line: 6992 | Status - Failure
Startup on line: 7023 | Status - Failure
Startup on line: 7257 | Status - Failure
Startup on line: 7287 | Status - Failure
Startup on line: 7318 | Status - Failure
Startup on line: 7323 | Status - Failure
Startup on line: 7558 | Status - Failure
Startup on line: 7588 | Status - Failure
Startup on line: 7619 | Status - Failure
Startup on line: 7853 | Status - Failure
Startup on line: 7883 | Status - Failure
Startup on line: 8118 | Status - Failure
Startup on line: 8148 | Status - Failure
Startup on line: 8179 | Status - Failure
Startup on line: 8194 | Status - Failure
Startup on line: 8429 | Status - Failure
Startup on line: 8459 | Status - Failure
Startup on line: 8490 | Status - Failure
Startup on line: 8727 | Status - Failure
Startup on line: 8757 | Status - Failure
Startup on line: 8787 | Status - Failure
Startup on line: 8805 | Status - Failure
Startup on line: 9040 | Status - Failure
Startup on line: 9070 | Status - Failure
Startup on line: 9100 | Status - Failure
Startup on line: 9118 | Status - Failure
Startup on line: 9355 | Status - Failure
Startup on line: 9386 | Status - Failure
Startup on line: 9417 | Status - Failure
Startup on line: 9435 | Status - Failure
Startup on line: 9663 | Status - Failure
Startup on line: 9694 | Status - Failure
Startup on line: 9922 | Status - Failure
Startup on line: 9953 | Status - Failure
Startup on line: 9984 | Status - Failure
Startup on line: 10002 | Status - Failure
Startup on line: 10232 | Status - Failure
Startup on line: 10262 | Status - Failure
Startup on line: 10292 | Status - Failure
Startup on line: 10310 | Status - Failure
Startup on line: 10545 | Status - Failure
Startup on line: 10774 | Status - Failure
Startup on line: 10804 | Status - Failure
Startup on line: 10834 | Status - Failure
Startup on line: 10852 | Status - Failure
Startup on line: 11079 | Status - Failure
Startup on line: 11109 | Status - Failure
Startup on line: 11140 | Status - Failure
Startup on line: 11367 | Status - Failure
Startup on line: 11397 | Status - Failure
Startup on line: 11428 | Status - Failure
Startup on line: 11454 | Status - Failure
Startup on line: 11683 | Status - Failure
Startup on line: 11714 | Status - Failure
Startup on line: 11744 | Status - Failure
Startup on line: 11772 | Status - Failure
Startup on line: 12006 | Status - Failure
Startup on line: 12036 | Status - Failure
Startup on line: 12067 | Status - Failure
Startup on line: 12093 | Status - Failure
Startup on line: 12321 | Status - Failure
Startup on line: 12351 | Status - Failure
Startup on line: 12381 | Status - Failure
Startup on line: 12401 | Status - Failure
Startup on line: 12628 | Status - Failure
Startup on line: 12659 | Status - Failure
Startup on line: 12886 | Status - Failure
Startup on line: 12917 | Status - Failure
Startup on line: 12947 | Status - Failure
Startup on line: 12976 | Status - Failure
Startup on line: 13222 | Status - Failure
Startup on line: 13250 | Status - Failure
Startup on line: 13272 | Status - Failure
Startup on line: 13301 | Status - Failure
Startup on line: 13539 | Status - Failure
Startup on line: 13569 | Status - Failure
Startup on line: 13600 | Status - Failure
Startup on line: 13850 | Status - Failure
Startup on line: 14087 | Status - Failure
Startup on line: 14117 | Status - Failure
Startup on line: 14148 | Status - Failure
Startup on line: 14179 | Status - Failure
Startup on line: 14410 | Status - Failure
Startup on line: 14433 | Status - Failure
Startup on line: 14464 | Status - Failure
Startup on line: 14495 | Status - Failure
Startup on line: 14729 | Status - Failure
Startup on line: 14760 | Status - Failure
Startup on line: 14790 | Status - Failure
Startup on line: 14820 | Status - Failure
Startup on line: 15053 | Status - Failure
Startup on line: 15288 | Status - Failure
Startup on line: 15319 | Status - Failure
Startup on line: 15346 | Status - Failure
Startup on line: 15368 | Status - Failure
Startup on line: 15602 | Status - Failure
Startup on line: 15632 | Status - Failure
Startup on line: 15665 | Status - Failure
Startup on line: 15696 | Status - Failure
Startup on line: 15925 | Status - Failure
Startup on line: 15955 | Status - Failure
Startup on line: 15985 | Status - Failure
Startup on line: 16016 | Status - Failure
Startup on line: 16249 | Status - Failure
Startup on line: 16279 | Status - Failure
Startup on line: 16309 | Status - Failure
Startup on line: 16339 | Status - Failure
Startup on line: 16567 | Status - Failure
Startup on line: 16795 | Status - Failure
Startup on line: 16826 | Status - Failure
Startup on line: 16856 | Status - Failure
Startup on line: 16886 | Status - Failure
Startup on line: 17114 | Status - Failure
Startup on line: 17341 | Status - Failure
Startup on line: 17567 | Status - Failure
Startup on line: 17598 | Status - Failure
Startup on line: 17628 | Status - Failure
Startup on line: 17658 | Status - Failure
Startup on line: 17883 | Status - Failure
Startup on line: 17913 | Status - Failure
Startup on line: 18139 | Status - Failure
Startup on line: 18169 | Status - Failure
Startup on line: 18199 | Status - Failure
Startup on line: 18229 | Status - Failure
Startup on line: 18455 | Status - Failure
Startup on line: 18489 | Status - Failure
Startup on line: 18519 | Status - Failure
Startup on line: 18550 | Status - Failure
Startup on line: 18776 | Status - Failure
Startup on line: 18807 | Status - Failure
Startup on line: 18837 | Status - Failure
Startup on line: 18868 | Status - Failure
Startup on line: 19093 | Status - Failure
Startup on line: 19319 | Status - Failure
Startup on line: 19351 | Status - Failure
Startup on line: 19577 | Status - Failure
Startup on line: 19803 | Status - Failure
Startup on line: 19835 | Status - Failure
Startup on line: 19940 | Status - Failure
Startup on line: 20165 | Status - Failure
Startup on line: 20195 | Status - Failure
Startup on line: 20226 | Status - Failure
Startup on line: 20256 | Status - Failure
Startup on line: 20481 | Status - Failure
Startup on line: 20511 | Status - Failure
Startup on line: 20737 | Status - Failure
Startup on line: 20767 | Status - Failure
Startup on line: 20797 | Status - Failure
Startup on line: 20828 | Status - Failure
Startup on line: 21053 | Status - Failure
Startup on line: 21169 | Status - Failure
Startup on line: 21394 | Status - Failure
Startup on line: 21424 | Status - Failure
Startup on line: 21454 | Status - Failure
Startup on line: 21484 | Status - Failure
Startup on line: 21709 | Status - Failure
Startup on line: 22015 | Status - Failure
Startup on line: 22046 | Status - Failure
Startup on line: 22153 | Status - Failure
Startup on line: 22378 | Status - Failure
Startup on line: 22408 | Status - Failure
Startup on line: 22440 | Status - Failure
Startup on line: 22470 | Status - Failure
Startup on line: 22754 | Status - Failure
Startup on line: 22781 | Status - Failure
Startup on line: 22803 | Status - Failure
Startup on line: 22833 | Status - Failure
Startup on line: 22864 | Status - Failure
Startup on line: 23089 | Status - Failure
Startup on line: 23120 | Status - Failure
Startup on line: 23150 | Status - Failure
Startup on line: 23180 | Status - Failure
Startup on line: 23213 | Status - Failure
Startup on line: 23561 | Status - Failure
Startup on line: 23591 | Status - Failure
Startup on line: 23621 | Status - Failure
Startup on line: 23652 | Status - Failure
Startup on line: 23670 | Status - Failure
Startup on line: 24087 | Status - Failure
Startup on line: 24117 | Status - Failure
Startup on line: 24148 | Status - Failure
Startup on line: 24178 | Status - Failure
Startup on line: 24194 | Status - Failure
Startup on line: 24817 | Status - Failure
Startup on line: 24847 | Status - Failure
Startup on line: 24877 | Status - Failure
Startup on line: 25808 | Status - Failure
Startup on line: 25838 | Status - Failure
Startup on line: 25868 | Status - Failure
Startup on line: 25899 | Status - Failure
Startup on line: 25930 | Status - Failure
Startup on line: 26727 | Status - Failure
Startup on line: 27642 | Status - Failure
Startup on line: 27673 | Status - Failure
Startup on line: 27703 | Status - Failure
Startup on line: 27733 | Status - Failure
Startup on line: 28640 | Status - Failure
Startup on line: 28671 | Status - Failure
Startup on line: 28701 | Status - Failure
Startup on line: 28731 | Status - Failure
Startup on line: 28761 | Status - Failure
Startup on line: 29708 | Status - Failure
Startup on line: 29738 | Status - Failure
Startup on line: 29768 | Status - Failure
Startup on line: 29798 | Status - Failure
Startup on line: 29829 | Status - Failure
Startup on line: 31063 | Status - Success, finished on line 31176 | Duration: 2 minutes & 57 seconds
Startup on line: 31274 | Status - Failure
Startup on line: 31293 | Status - Success, finished on line 31401 | Duration: 2 minutes & 45 seconds
Startup on line: 32623 | Status - Failure
Startup on line: 32641 | Status - Failure
Startup on line: 32656 | Status - Failure
Startup on line: 32674 | Status - Failure
Startup on line: 32693 | Status - Success, finished on line 32801 | Duration: 2 minutes & 43 seconds
Startup on line: 33709 | Status - Failure
Startup on line: 33725 | Status - Success, finished on line 33833 | Duration: 2 minutes & 42 seconds
Startup on line: 34594 | Status - Failure
Startup on line: 34613 | Status - Success, finished on line 34721 | Duration: 2 minutes & 44 seconds
Startup on line: 37428 | Status - Failure
Startup on line: 37447 | Status - Success, finished on line 37555 | Duration: 2 minutes & 42 seconds
Startup on line: 38258 | Status - Success, finished on line 38366 | Duration: 2 minutes & 43 seconds
Startup on line: 39150 | Status - Failure
Startup on line: 39166 | Status - Failure
Startup on line: 39182 | Status - Success, finished on line 39290 | Duration: 2 minutes & 44 seconds
Startup on line: 40288 | Status - Success, finished on line 40397 | Duration: 2 minutes & 52 seconds
Startup on line: 41615 | Status - Failure
Startup on line: 41633 | Status - Failure
Startup on line: 41648 | Status - Failure
Startup on line: 41666 | Status - Failure
Startup on line: 41684 | Status - Failure
Startup on line: 41694 | Status - Success, finished on line 41802 | Duration: 2 minutes & 44 seconds

Lines scanned: 41856